********************************************************************************
Email stored not sent on 2025-01-06 13:32:46.345863: Price Spike CORN_mini

Spike found in prices for CORN_mini/20250300: need to manually check by running interactive_manual_check_historical_prices
********************************************************************************

********************************************************************************
Email stored not sent on 2025-01-06 13:32:57.375001: Price Spike CORN_mini

To reduce email load, won't send any more emails with this subject today. Use 'interactive_diagnostics', 'Emails' to see stored messages
********************************************************************************

********************************************************************************
Email stored not sent on 2025-01-06 13:32:57.638928: Price Spike CORN_mini

Spike found in prices for CORN_mini/20250500: need to manually check by running interactive_manual_check_historical_prices
********************************************************************************

********************************************************************************
Email stored not sent on 2025-01-06 13:33:00.598578: Price Spike CORN_mini

Spike found in prices for CORN_mini/20250700: need to manually check by running interactive_manual_check_historical_prices
********************************************************************************

********************************************************************************
Email stored not sent on 2025-01-06 13:33:03.555758: Price Spike CORN_mini

Spike found in prices for CORN_mini/20250900: need to manually check by running interactive_manual_check_historical_prices
********************************************************************************

********************************************************************************
Email stored not sent on 2025-01-09 10:18:43.566508: Price Spike CORN

Spike found in prices for CORN/20260300: need to manually check by running interactive_manual_check_historical_prices
********************************************************************************

********************************************************************************
Email stored not sent on 2025-01-09 10:18:46.611375: Price Spike CORN

Spike found in prices for CORN/20260500: need to manually check by running interactive_manual_check_historical_prices
********************************************************************************

********************************************************************************
Email stored not sent on 2025-01-09 10:18:49.626096: Price Spike CORN

Spike found in prices for CORN/20260700: need to manually check by running interactive_manual_check_historical_prices
********************************************************************************

********************************************************************************
Email stored not sent on 2025-01-09 10:18:52.584600: Price Spike CORN

Spike found in prices for CORN/20260900: need to manually check by running interactive_manual_check_historical_prices
********************************************************************************

********************************************************************************
Email stored not sent on 2025-01-09 10:18:55.442242: Price Spike CORN

Spike found in prices for CORN/20261200: need to manually check by running interactive_manual_check_historical_prices
********************************************************************************

********************************************************************************
Email stored not sent on 2025-01-09 11:44:02.188062: Price Spike CORN

Spike found in prices for CORN/20260300: need to manually check by running interactive_manual_check_historical_prices
********************************************************************************

********************************************************************************
Email stored not sent on 2025-01-09 11:44:05.940389: Price Spike CORN

Spike found in prices for CORN/20260500: need to manually check by running interactive_manual_check_historical_prices
********************************************************************************

********************************************************************************
Email stored not sent on 2025-01-09 11:44:09.653757: Price Spike CORN

Spike found in prices for CORN/20260700: need to manually check by running interactive_manual_check_historical_prices
********************************************************************************

********************************************************************************
Email stored not sent on 2025-01-09 11:44:13.707657: Price Spike CORN

Spike found in prices for CORN/20260900: need to manually check by running interactive_manual_check_historical_prices
********************************************************************************

********************************************************************************
Email stored not sent on 2025-01-09 11:44:17.560517: Price Spike CORN

Spike found in prices for CORN/20261200: need to manually check by running interactive_manual_check_historical_prices
********************************************************************************

********************************************************************************
Email stored not sent on 2025-01-28 06:10:41.449357: Price Spike V2X

Spike found in prices for V2X/20250200: need to manually check by running interactive_manual_check_historical_prices
********************************************************************************

********************************************************************************
Email stored not sent on 2025-01-29 08:03:15.222505: Price Spike V2X

Spike found in prices for V2X/20250200: need to manually check by running interactive_manual_check_historical_prices
********************************************************************************

********************************************************************************
Email stored not sent on 2025-02-04 06:43:10.285665: Price Spike CORN

Spike found in prices for CORN/20250300: need to manually check by running interactive_manual_check_historical_prices
********************************************************************************

********************************************************************************
Email stored not sent on 2025-02-04 06:43:21.013560: Price Spike CORN

To reduce email load, won't send any more emails with this subject today. Use 'interactive_diagnostics', 'Emails' to see stored messages
********************************************************************************

********************************************************************************
Email stored not sent on 2025-02-04 06:43:21.273652: Price Spike CORN

Spike found in prices for CORN/20250500: need to manually check by running interactive_manual_check_historical_prices
********************************************************************************

********************************************************************************
Email stored not sent on 2025-02-04 06:43:24.008697: Price Spike CORN

Spike found in prices for CORN/20250700: need to manually check by running interactive_manual_check_historical_prices
********************************************************************************

********************************************************************************
Email stored not sent on 2025-02-04 06:43:26.866690: Price Spike CORN

Spike found in prices for CORN/20250900: need to manually check by running interactive_manual_check_historical_prices
********************************************************************************

********************************************************************************
Email stored not sent on 2025-02-04 06:43:29.705915: Price Spike CORN

Spike found in prices for CORN/20251200: need to manually check by running interactive_manual_check_historical_prices
********************************************************************************

********************************************************************************
Email stored not sent on 2025-02-04 06:44:00.763667: Price Spike V2X

Spike found in prices for V2X/20250200: need to manually check by running interactive_manual_check_historical_prices
********************************************************************************

********************************************************************************
Email stored not sent on 2025-02-04 06:44:11.938161: Price Spike V2X

To reduce email load, won't send any more emails with this subject today. Use 'interactive_diagnostics', 'Emails' to see stored messages
********************************************************************************

********************************************************************************
Email stored not sent on 2025-02-04 06:44:12.205838: Price Spike V2X

Spike found in prices for V2X/20250300: need to manually check by running interactive_manual_check_historical_prices
********************************************************************************

********************************************************************************
Email stored not sent on 2025-02-04 06:44:14.640804: Price Spike V2X

Spike found in prices for V2X/20250400: need to manually check by running interactive_manual_check_historical_prices
********************************************************************************

********************************************************************************
Email stored not sent on 2025-02-04 06:44:31.275801: Price Spike CORN_mini

Spike found in prices for CORN_mini/20250300: need to manually check by running interactive_manual_check_historical_prices
********************************************************************************

********************************************************************************
Email stored not sent on 2025-02-04 06:44:42.188508: Price Spike CORN_mini

To reduce email load, won't send any more emails with this subject today. Use 'interactive_diagnostics', 'Emails' to see stored messages
********************************************************************************

********************************************************************************
Email stored not sent on 2025-02-04 06:44:42.462135: Price Spike CORN_mini

Spike found in prices for CORN_mini/20250500: need to manually check by running interactive_manual_check_historical_prices
********************************************************************************

********************************************************************************
Email stored not sent on 2025-02-04 06:44:45.710852: Price Spike CORN_mini

Spike found in prices for CORN_mini/20250700: need to manually check by running interactive_manual_check_historical_prices
********************************************************************************

********************************************************************************
Email stored not sent on 2025-02-04 06:44:48.777075: Price Spike CORN_mini

Spike found in prices for CORN_mini/20250900: need to manually check by running interactive_manual_check_historical_prices
********************************************************************************

********************************************************************************
Email stored not sent on 2025-02-04 06:45:10.403822: Price Spike EUR_micro

Spike found in prices for EUR_micro/20250300: need to manually check by running interactive_manual_check_historical_prices
********************************************************************************

********************************************************************************
Email stored not sent on 2025-02-04 06:45:21.255425: Price Spike EUR_micro

To reduce email load, won't send any more emails with this subject today. Use 'interactive_diagnostics', 'Emails' to see stored messages
********************************************************************************

********************************************************************************
Email stored not sent on 2025-02-04 06:45:21.526639: Price Spike EUR_micro

Spike found in prices for EUR_micro/20250600: need to manually check by running interactive_manual_check_historical_prices
********************************************************************************

********************************************************************************
Email stored not sent on 2025-02-08 08:20:42.463342: Price Spike EUR_micro

Spike found in prices for EUR_micro/20250600: need to manually check by running interactive_manual_check_historical_prices
********************************************************************************

********************************************************************************
Email stored not sent on 2025-02-12 11:19:45.890104: Price Spike CORN

Spike found in prices for CORN/20250300: need to manually check by running interactive_manual_check_historical_prices
********************************************************************************

********************************************************************************
Email stored not sent on 2025-02-12 11:20:16.725997: Price Spike CORN

To reduce email load, won't send any more emails with this subject today. Use 'interactive_diagnostics', 'Emails' to see stored messages
********************************************************************************

********************************************************************************
Email stored not sent on 2025-02-12 11:20:16.992293: Price Spike CORN

Spike found in prices for CORN/20250500: need to manually check by running interactive_manual_check_historical_prices
********************************************************************************

********************************************************************************
Email stored not sent on 2025-02-12 11:20:19.642053: Price Spike CORN

Spike found in prices for CORN/20250700: need to manually check by running interactive_manual_check_historical_prices
********************************************************************************

********************************************************************************
Email stored not sent on 2025-02-25 09:46:48.289146: Price Spike V2X

Spike found in prices for V2X/20250300: need to manually check by running interactive_manual_check_historical_prices
********************************************************************************

********************************************************************************
Email stored not sent on 2025-02-25 09:47:34.231103: Price Spike CORN_mini

Spike found in prices for CORN_mini/20250700: need to manually check by running interactive_manual_check_historical_prices
********************************************************************************

********************************************************************************
Email stored not sent on 2025-03-02 14:59:42.437186: Price Spike CRUDE_W_micro

Spike found in prices for CRUDE_W_micro/20250400: need to manually check by running interactive_manual_check_historical_prices
********************************************************************************

********************************************************************************
Email stored not sent on 2025-03-02 14:59:53.872927: Price Spike CRUDE_W_micro

To reduce email load, won't send any more emails with this subject today. Use 'interactive_diagnostics', 'Emails' to see stored messages
********************************************************************************

********************************************************************************
Email stored not sent on 2025-03-02 14:59:53.899911: Price Spike CRUDE_W_micro

Spike found in prices for CRUDE_W_micro/20250500: need to manually check by running interactive_manual_check_historical_prices
********************************************************************************

********************************************************************************
Email stored not sent on 2025-03-02 14:59:56.411282: Price Spike CRUDE_W_micro

Spike found in prices for CRUDE_W_micro/20250600: need to manually check by running interactive_manual_check_historical_prices
********************************************************************************

********************************************************************************
Email stored not sent on 2025-03-05 12:04:29.184644: Price Spike V2X

Spike found in prices for V2X/20250300: need to manually check by running interactive_manual_check_historical_prices
********************************************************************************

********************************************************************************
Email stored not sent on 2025-03-05 12:06:15.057509: Price Spike CAD2

Spike found in prices for CAD2/20250600: need to manually check by running interactive_manual_check_historical_prices
********************************************************************************

********************************************************************************
Email stored not sent on 2025-03-06 20:47:28.985676: Price Spike V2X

Spike found in prices for V2X/20250300: need to manually check by running interactive_manual_check_historical_prices
********************************************************************************

********************************************************************************
Email stored not sent on 2025-03-07 11:01:41.912547: Price Spike MILLWHEAT

Spike found in prices for MILLWHEAT/20250300: need to manually check by running interactive_manual_check_historical_prices
********************************************************************************

********************************************************************************
Email stored not sent on 2025-03-07 11:02:09.739920: Price Spike CORN

Spike found in prices for CORN/20250500: need to manually check by running interactive_manual_check_historical_prices
********************************************************************************

********************************************************************************
Email stored not sent on 2025-03-07 11:02:21.165756: Price Spike CORN

To reduce email load, won't send any more emails with this subject today. Use 'interactive_diagnostics', 'Emails' to see stored messages
********************************************************************************

********************************************************************************
Email stored not sent on 2025-03-07 11:02:21.194964: Price Spike CORN

Spike found in prices for CORN/20250700: need to manually check by running interactive_manual_check_historical_prices
********************************************************************************

********************************************************************************
Email stored not sent on 2025-03-07 11:02:23.590722: Price Spike CORN

Spike found in prices for CORN/20250900: need to manually check by running interactive_manual_check_historical_prices
********************************************************************************

********************************************************************************
Email stored not sent on 2025-03-07 11:02:26.589212: Price Spike CORN

Spike found in prices for CORN/20251200: need to manually check by running interactive_manual_check_historical_prices
********************************************************************************

********************************************************************************
Email stored not sent on 2025-03-07 11:02:29.495558: Price Spike CORN

Spike found in prices for CORN/20260300: need to manually check by running interactive_manual_check_historical_prices
********************************************************************************

********************************************************************************
Email stored not sent on 2025-03-07 11:02:32.415932: Price Spike CORN

Spike found in prices for CORN/20260500: need to manually check by running interactive_manual_check_historical_prices
********************************************************************************

********************************************************************************
Email stored not sent on 2025-03-07 11:02:35.262027: Price Spike CORN

Spike found in prices for CORN/20260700: need to manually check by running interactive_manual_check_historical_prices
********************************************************************************

********************************************************************************
Email stored not sent on 2025-03-07 11:02:56.356050: Price Spike V2X

Spike found in prices for V2X/20250300: need to manually check by running interactive_manual_check_historical_prices
********************************************************************************

********************************************************************************
Email stored not sent on 2025-03-07 11:06:16.337826: Price Spike CORN_mini

Spike found in prices for CORN_mini/20250500: need to manually check by running interactive_manual_check_historical_prices
********************************************************************************

********************************************************************************
Email stored not sent on 2025-03-07 11:06:30.601929: Price Spike CORN_mini

To reduce email load, won't send any more emails with this subject today. Use 'interactive_diagnostics', 'Emails' to see stored messages
********************************************************************************

********************************************************************************
Email stored not sent on 2025-03-07 11:06:30.645737: Price Spike CORN_mini

Spike found in prices for CORN_mini/20250900: need to manually check by running interactive_manual_check_historical_prices
********************************************************************************

********************************************************************************
Email stored not sent on 2025-03-12 11:12:17.212639: Price Spike VIX_mini

Spike found in prices for VIX_mini/20250300: need to manually check by running interactive_manual_check_historical_prices
********************************************************************************

********************************************************************************
Email stored not sent on 2025-03-12 11:12:31.738077: Price Spike VIX_mini

To reduce email load, won't send any more emails with this subject today. Use 'interactive_diagnostics', 'Emails' to see stored messages
********************************************************************************

********************************************************************************
Email stored not sent on 2025-03-12 11:12:31.829795: Price Spike VIX_mini

Spike found in prices for VIX_mini/20250400: need to manually check by running interactive_manual_check_historical_prices
********************************************************************************

********************************************************************************
Email stored not sent on 2025-03-12 11:12:34.627706: Price Spike VIX_mini

Spike found in prices for VIX_mini/20250500: need to manually check by running interactive_manual_check_historical_prices
********************************************************************************

********************************************************************************
Email stored not sent on 2025-03-12 11:12:56.885924: Price Spike CAD_micro

Spike found in prices for CAD_micro/20250300: need to manually check by running interactive_manual_check_historical_prices
********************************************************************************

********************************************************************************
Email stored not sent on 2025-03-12 11:13:08.883508: Price Spike CAD_micro

To reduce email load, won't send any more emails with this subject today. Use 'interactive_diagnostics', 'Emails' to see stored messages
********************************************************************************

********************************************************************************
Email stored not sent on 2025-03-12 11:13:09.197312: Price Spike CAD_micro

Spike found in prices for CAD_micro/20250600: need to manually check by running interactive_manual_check_historical_prices
********************************************************************************

********************************************************************************
Email stored not sent on 2025-03-12 11:13:59.335736: Price Spike V2X

Spike found in prices for V2X/20250300: need to manually check by running interactive_manual_check_historical_prices
********************************************************************************

********************************************************************************
Email stored not sent on 2025-03-12 11:16:14.618174: Price Spike MUMMY

Spike found in prices for MUMMY/20250300: need to manually check by running interactive_manual_check_historical_prices
********************************************************************************

********************************************************************************
Email stored not sent on 2025-03-12 11:16:25.841598: Price Spike MUMMY

To reduce email load, won't send any more emails with this subject today. Use 'interactive_diagnostics', 'Emails' to see stored messages
********************************************************************************

********************************************************************************
Email stored not sent on 2025-03-12 11:16:25.887376: Price Spike MUMMY

Spike found in prices for MUMMY/20250600: need to manually check by running interactive_manual_check_historical_prices
********************************************************************************

